../Core/Src/main.c:97:5:main	8	static
../Core/Src/main.c:193:6:SystemClock_Config	96	static
../Core/Src/main.c:242:13:MX_ADC1_Init	32	static
../Core/Src/main.c:300:13:MX_CAN1_Init	8	static
../Core/Src/main.c:337:13:MX_TIM1_Init	112	static
../Core/Src/main.c:417:13:MX_TIM2_Init	64	static
../Core/Src/main.c:480:13:MX_USART1_UART_Init	8	static
../Core/Src/main.c:515:13:MX_GPIO_Init	48	static
../Core/Src/main.c:596:6:steering_task	16	static
../Core/Src/main.c:615:6:braking_task	16	static
../Core/Src/main.c:634:6:HAL_TIM_PeriodElapsedCallback	16	static
../Core/Src/main.c:651:6:Error_Handler	4	static,ignoring_inline_asm
