../Core/Src/main.c:82:5:main	8	static
../Core/Src/main.c:161:6:SystemClock_Config	96	static
../Core/Src/main.c:210:13:MX_ADC1_Init	32	static
../Core/Src/main.c:268:13:MX_CAN1_Init	8	static
../Core/Src/main.c:305:13:MX_TIM1_Init	112	static
../Core/Src/main.c:385:13:MX_TIM2_Init	64	static
../Core/Src/main.c:448:13:MX_USART1_UART_Init	8	static
../Core/Src/main.c:483:13:MX_GPIO_Init	48	static
../Core/Src/main.c:565:6:HAL_TIM_PeriodElapsedCallback	16	static
../Core/Src/main.c:582:6:Error_Handler	4	static,ignoring_inline_asm
